Command: /home/mike/.espressif/python_env/idf6.1_py3.12_env/bin/python /home/mike/CodeProjects/ESP32/esp-idf/tools/idf_monitor.py -p /dev/ttyUSB0 -b 115200 --toolchain-prefix xtensa-esp32-elf- --target esp32 --revision 0 /home/mike/CodeProjects/Portfolio/embedded/modular_sensor_actuator/build/embedded_libraries.elf /home/mike/CodeProjects/Portfolio/embedded/modular_sensor_actuator/build/bootloader/bootloader.elf -m '/home/mike/.espressif/python_env/idf6.1_py3.12_env/bin/python' '/home/mike/CodeProjects/ESP32/esp-idf/tools/idf.py'
0000 Hz
[0;32mI (173) app_init: Application information:[0m
[0;32mI (177) app_init: Pr�ets Jul 29 2019 12:21:46[0m

rst:0x1 (POWERON_RESET),boot:0x13 (SPI_FAST_FLASH_BOOT)
configsip: 0, SPIWP:0xee
clk_drv:0x00,q_drv:0x00,d_drv:0x00,cs0_drv:0x00,hd_drv:0x00,wp_drv:0x00
mode:DIO, clock div:2
load:0x3fff0040,len:6272
load:0x40078000,len:15848
load:0x40080400,len:3920
entry 0x40080644
[0;32mI (27) boot: ESP-IDF v6.1-dev-3669-gc32c7152ef-dirty 2nd stage bootloader[0m
[0;32mI (27) boot: compile time Jun  4 2026 12:21:33[0m
[0;32mI (28) boot: Multicore bootloader[0m
[0;32mI (31) boot: chip revision: v3.1[0m
[0;32mI (34) boot.esp32: SPI Speed      : 40MHz[0m
[0;32mI (37) boot.esp32: SPI Mode       : DIO[0m
[0;32mI (41) boot.esp32: SPI Flash Size : 2MB[0m
[0;32mI (45) boot: Enabling RNG early entropy source...[0m
[0;32mI (49) boot: Partition Table:[0m
[0;32mI (52) boot: ## Label            Usage          Type ST Offset   Length[0m
[0;32mI (58) boot:  0 nvs              WiFi data        01 02 00009000 00006000[0m
[0;32mI (65) boot:  1 phy_init         RF data          01 01 0000f000 00001000[0m
[0;32mI (71) boot:  2 factory          factory app      00 00 00010000 00100000[0m
[0;32mI (78) boot: End of partition table[0m
[0;32mI (81) esp_image: segment 0: paddr=00010020 vaddr=3f400020 size=08bd8h ( 35800) map[0m
[0;32mI (101) esp_image: segment 1: paddr=00018c00 vaddr=3ffb0000 size=02acch ( 10956) load[0m
[0;32mI (106) esp_image: segment 2: paddr=0001b6d4 vaddr=40080000 size=04944h ( 18756) load[0m
[0;32mI (114) esp_image: segment 3: paddr=00020020 vaddr=400d0020 size=0db3ch ( 56124) map[0m
[0;32mI (134) esp_image: segment 4: paddr=0002db64 vaddr=40084944 size=06410h ( 25616) load[0m
[0;32mI (144) esp_image: segment 5: paddr=00033f7c vaddr=50000000 size=00028h (    40) load[0m
[0;32mI (150) boot: Loaded app from partition at offset 0x10000[0m
[0;32mI (151) boot: Disabling RNG early entropy source...[0m
[0;32mI (163) cpu_start: Multicore app[0m
[0;32mI (171) cpu_start: GPIO 3 and 1 are used as console UART I/O pins[0m
[0;32mI (171) cpu_start: Pro cpu start user code[0m
[0;32mI (171) cpu_start: cpu freq: 160000000 Hz[0m
[0;32mI (173) app_init: Application information:[0m
[0;32mI (177) app_init: Project name:     embedded_libraries[0m
[0;32mI (182) app_init: App version:      1[0m
[0;32mI (185) app_init: Compile time:     Jun  4 2026 12:21:38[0m
[0;32mI (190) app_init: ELF file SHA256:  b11d154ec...[0m
[0;32mI (194) app_init: ESP-IDF:          v6.1-dev-3669-gc32c7152ef-dirty[0m
[0;32mI (200) efuse_init: Min chip rev:     v0.0[0m
[0;32mI (204) efuse_init: Max chip rev:     v3.99 [0m
[0;32mI (208) efuse_init: Chip rev:         v3.1[0m
[0;32mI (212) heap_init: Initializing. RAM available for dynamic allocation:[0m
[0;32mI (218) heap_init: At 3FFAE6E0 len 00001920 (6 KiB): DRAM[0m
[0;32mI (223) heap_init: At 3FFB3488 len 0002CB78 (178 KiB): DRAM[0m
[0;32mI (229) heap_init: At 3FFE0440 len 00003AE0 (14 KiB): D/IRAM[0m
[0;32mI (234) heap_init: At 3FFE4350 len 0001BCB0 (111 KiB): D/IRAM[0m
[0;32mI (240) heap_init: At 4008AD54 len 000152AC (84 KiB): IRAM[0m
[0;32mI (246) spi_flash: detected chip: generic[0m
[0;32mI (248) spi_flash: flash io: dio[0m
[0;33mW (251) spi_flash: Detected size(4096k) larger than the size in the binary image header(2048k). Using the size in the binary image header.[0m
[0;32mI (265) main_task: Started on CPU0[0m
[0;32mI (275) main_task: Calling app_main()[0m
Starting application
[0;32mI (275) LED: LED State now: 1[0m

Boss is reading
Threads created
[0;32mI (275) main_task: Returned from app_main()[0m
Ultrasonic sensor added
task handle = 0x3ffafdbc
Status of ISR function: 0
Information has been sent
Boss received distance of: 522
Boss is reading
Ultrasonic sensor fired
Status of ISR function: 1
Information has been sent
Boss received distance of: 595
Boss is reading
Ultrasonic sensor fired
Status of ISR function: 2
Information has been sent
Boss received distance of: 632
Boss is reading
Ultrasonic sensor fired
Status of ISR function: 3
Information has been sent
Boss received distance of: 649
Boss is reading
Ultrasonic sensor fired
Status of ISR function: 4
Information has been sent
Boss received distance of: 659
Boss is reading
Ultrasonic sensor fired
Status of ISR function: 5
Information has been sent
Boss received distance of: 662
Boss is reading
Ultrasonic sensor fired
Status of ISR function: 6
Information has been sent
Boss received distance of: 664
Boss is reading
Ultrasonic sensor fired
Status of ISR function: 7
Information has been sent
Boss received distance of: 665
[0;32mI (1275) LED: LED State now: 0[0m

Boss is reading
Ultrasonic sensor fired
Status of ISR function: 8
Information has been sent
Boss received distance of: 667
Boss is reading
Ultrasonic sensor fired
Status of ISR function: 9
Information has been sent
Boss received distance of: 667
Boss is reading
Ultrasonic sensor fired
Status of ISR function: 10
Information has been sent
Boss received distance of: 667
Boss is reading
Ultrasonic sensor fired
Status of ISR function: 11
Information has been sent
Boss received distance of: 667
Boss is reading
Ultrasonic sensor fired
Status of ISR function: 12
Information has been sent
Boss received distance of: 667
Boss is reading
Ultrasonic sensor fired
Status of ISR function: 13
Information has been sent
Boss received distance of: 666
Boss is reading
Ultrasonic sensor fired
Status of ISR function: 14
Information has been sent
Boss received distance of: 667
Boss is reading
Ultrasonic sensor fired
Status of ISR function: 15
Information has been sent
Boss received distance of: 668
[0;32mI (2275) LED: LED State now: 1[0m

Boss is reading
Ultrasonic sensor fired
Status of ISR function: 16
Information has been sent
Boss received distance of: 668
Boss is reading
Ultrasonic sensor fired
Status of ISR function: 17
Information has been sent
Boss received distance of: 667
Boss is reading
Ultrasonic sensor fired
Status of ISR function: 18
Information has been sent
Boss received distance of: 667
Boss is reading
Ultrasonic sensor fired
Status of ISR function: 19
Information has been sent
Boss received distance of: 667
Boss is reading
Ultrasonic sensor fired
Status of ISR function: 20
Information has been sent
Boss received distance of: 666
Boss is reading
Ultrasonic sensor fired
Status of ISR function: 21
Information has been sent
Boss received distance of: 666
Boss is reading
Ultrasonic sensor fired
Status of ISR function: 22
Information has been sent
Boss received distance of: 666
Boss is reading
Ultrasonic sensor fired
Status of ISR function: 23
[0;32mI (3275) LED: LED State now: 0[0m

Information has been sent
Boss received distance of: 666
Boss is reading
Ultrasonic sensor fired
Status of ISR function: 24
Information has been sent
Boss received distance of: 666
Boss is reading
Ultrasonic sensor fired
Status of ISR function: 25
Information has been sent
Boss received distance of: 667
Boss is reading
Ultrasonic sensor fired
Status of ISR function: 26
Information has been sent
Boss received distance of: 667
Boss is reading
Ultrasonic sensor fired
Status of ISR function: 27
Information has been sent
Boss received distance of: 667
Boss is reading
Ultrasonic sensor fired
Status of ISR function: 28
Information has been sent
Boss received distance of: 669
Boss is reading
Ultrasonic sensor fired
Status of ISR function: 29
Information has been sent
Boss received distance of: 408
Boss is reading
Ultrasonic sensor fired
Status of ISR function: 30
Information has been sent
Boss received distance of: 250
Boss is reading
Ultrasonic sensor fired
Status of ISR function: 31
Information has been sent
Boss received distance of: 171
[0;32mI (4275) LED: LED State now: 1[0m

Boss is reading
Ultrasonic sensor fired
Status of ISR function: 32
Information has been sent
Boss received distance of: 130
Boss is reading
Ultrasonic sensor fired
Status of ISR function: 33
Information has been sent
Boss received distance of: 114
Boss is reading
Ultrasonic sensor fired
Status of ISR function: 34
Information has been sent
Boss received distance of: 106
Boss is reading
Ultrasonic sensor fired
Status of ISR function: 35
Information has been sent
Boss received distance of: 97
Boss is reading
Ultrasonic sensor fired
Status of ISR function: 36
Information has been sent
Boss received distance of: 106
Boss is reading
Ultrasonic sensor fired
Status of ISR function: 37
Information has been sent
Boss received distance of: 99
Boss is reading
Ultrasonic sensor fired
Status of ISR function: 38
Information has been sent
Boss received distance of: 99
Boss is reading
Ultrasonic sensor fired
Status of ISR function: 39
Information has been sent
Boss received distance of: 99
Boss is reading
Ultrasonic sensor fired
Status of ISR function: 40
Information has been sent
Boss received distance of: 96
Boss is reading
Ultrasonic sensor fired
Status of ISR function: 41
Information has been sent
Boss received distance of: 92
[0;32mI (5275) LED: LED State now: 0[0m

Boss is reading
Ultrasonic sensor fired
Status of ISR function: 42
Information has been sent
Boss received distance of: 95
Boss is reading
Ultrasonic sensor fired
Status of ISR function: 43
Information has been sent
Boss received distance of: 95
Boss is reading
Ultrasonic sensor fired
Status of ISR function: 44
Information has been sent
Boss received distance of: 96
Boss is reading
Ultrasonic sensor fired
Status of ISR function: 45
Information has been sent
Boss received distance of: 95
Boss is reading
Ultrasonic sensor fired
Status of ISR function: 46
Information has been sent
Boss received distance of: 97
Boss is reading
Ultrasonic sensor fired
Status of ISR function: 47
Information has been sent
Boss received distance of: 95
Boss is reading
Ultrasonic sensor fired
Status of ISR function: 48
Information has been sent
Boss received distance of: 93
Boss is reading
Ultrasonic sensor fired
Status of ISR function: 49
Information has been sent
Boss received distance of: 91
Boss is reading
Ultrasonic sensor fired
Status of ISR function: 50
Information has been sent
Boss received distance of: 90
Boss is reading
Ultrasonic sensor fired
Status of ISR function: 51
Information has been sent
Boss received distance of: 90
[0;32mI (6275) LED: LED State now: 1[0m

Boss is reading
Ultrasonic sensor fired
Status of ISR function: 52
Information has been sent
Boss received distance of: 91
Boss is reading
Ultrasonic sensor fired
Status of ISR function: 53
Information has been sent
Boss received distance of: 96
Boss is reading
Ultrasonic sensor fired
Status of ISR function: 54
Information has been sent
Boss received distance of: 382
Boss is reading
Ultrasonic sensor fired
Status of ISR function: 55
Information has been sent
Boss received distance of: 525
Boss is reading
Ultrasonic sensor fired
Status of ISR function: 56
Information has been sent
Boss received distance of: 595
Boss is reading
Ultrasonic sensor fired
Status of ISR function: 57
Information has been sent
Boss received distance of: 631
Boss is reading
Ultrasonic sensor fired
Status of ISR function: 58
Information has been sent
Boss received distance of: 649
Boss is reading
Ultrasonic sensor fired
Status of ISR function: 59
Information has been sent
Boss received distance of: 657
[0;32mI (7275) LED: LED State now: 0[0m

Boss is reading
Ultrasonic sensor fired
Status of ISR function: 60
Information has been sent
Boss received distance of: 662
Boss is reading
Ultrasonic sensor fired
Status of ISR function: 61
Information has been sent
Boss received distance of: 665
Boss is reading
Ultrasonic sensor fired
Status of ISR function: 62
Information has been sent
Boss received distance of: 666
Boss is reading
Ultrasonic sensor fired
Status of ISR function: 63
Information has been sent
Boss received distance of: 667
Boss is reading
Ultrasonic sensor fired
Status of ISR function: 64
Information has been sent
Boss received distance of: 667
Boss is reading
Ultrasonic sensor fired
Status of ISR function: 65
Information has been sent
Boss received distance of: 666
Boss is reading
Ultrasonic sensor fired
Status of ISR function: 66
Information has been sent
Boss received distance of: 667
Boss is reading
Ultrasonic sensor fired
Status of ISR function: 67
[0;32mI (8275) LED: LED State now: 1[0m

Information has been sent
Boss received distance of: 667
Boss is reading
Ultrasonic sensor fired
Status of ISR function: 68
Information has been sent
Boss received distance of: 667
Boss is reading
Ultrasonic sensor fired
Status of ISR function: 69
Information has been sent
Boss received distance of: 667
Boss is reading
Ultrasonic sensor fired
Status of ISR function: 70
Information has been sent
Boss received distance of: 667
Boss is reading
Ultrasonic sensor fired
Status of ISR function: 71
Information has been sent
Boss received distance of: 669
Boss is reading
Ultrasonic sensor fired
Status of ISR function: 72
Information has been sent
Boss received distance of: 669
Boss is reading
Ultrasonic sensor fired
Status of ISR function: 73
Information has been sent
Boss received distance of: 669
Boss is reading
Ultrasonic sensor fired
Status of ISR function: 74
Information has been sent
Boss received distance of: 669
[0;32mI (9275) LED: LED State now: 0[0m

Boss is reading
Ultrasonic sensor fired
Status of ISR function: 75
Information has been sent
Boss received distance of: 669
Boss is reading
Ultrasonic sensor fired
Status of ISR function: 76
Information has been sent
Boss received distance of: 669
Boss is reading
Ultrasonic sensor fired
Status of ISR function: 77
Information has been sent
Boss received distance of: 669
Boss is reading
Ultrasonic sensor fired
Status of ISR function: 78
Information has been sent
Boss received distance of: 668
Boss is reading
Ultrasonic sensor fired
Status of ISR function: 79
Information has been sent
Boss received distance of: 668
Boss is reading
Ultrasonic sensor fired
Status of ISR function: 80
Information has been sent
Boss received distance of: 667
Boss is reading
Ultrasonic sensor fired
Status of ISR function: 81
Information has been sent
Boss received distance of: 667
Boss is reading
Ultrasonic sensor fired
Status of ISR function: 82
Information has been sent
Boss received distance of: 667
[0;32mI (10275) LED: LED State now: 1[0m

Boss is reading
Ultrasonic sensor fired
Status of ISR function: 83
Information has been sent
Boss received distance of: 667
Boss is reading
Ultrasonic sensor fired
Status of ISR function: 84
Information has been sent
Boss received distance of: 667
Boss is reading
Ultrasonic sensor fired
Status of ISR function: 85
Information has been sent
Boss received distance of: 669
Boss is reading
Ultrasonic sensor fired
Status of ISR function: 86
Information has been sent
Boss received distance of: 669
Boss is reading
Ultrasonic sensor fired
Status of ISR function: 87
Information has been sent
Boss received distance of: 668
Boss is reading
Ultrasonic sensor fired
Status of ISR function: 88
Information has been sent
Boss received distance of: 667
Boss is reading
Ultrasonic sensor fired
Status of ISR function: 89
Information has been sent
Boss received distance of: 667
Boss is reading
Ultrasonic sensor fired
Status of ISR function: 90
Information has been sent
Boss received distance of: 667
[0;32mI (11275) LED: LED State now: 0[0m

Boss is reading
Ultrasonic sensor fired
Status of ISR function: 91
Information has been sent
Boss received distance of: 669
Boss is reading
Ultrasonic sensor fired
Status of ISR function: 92
Information has been sent
Boss received distance of: 669
Boss is reading
Ultrasonic sensor fired
Status of ISR function: 93
Information has been sent
Boss received distance of: 669
Boss is reading
Ultrasonic sensor fired
Status of ISR function: 94
Information has been sent
Boss received distance of: 669
Boss is reading
Ultrasonic sensor fired
Status of ISR function: 95
Information has been sent
Boss received distance of: 669
Boss is reading
Ultrasonic sensor fired
Status of ISR function: 96
Information has been sent
Boss received distance of: 669
Boss is reading
Ultrasonic sensor fired
Status of ISR function: 97
Information has been sent
Boss received distance of: 669
Boss is reading
Ultrasonic sensor fired
Status of ISR function: 98
[0;32mI (12275) LED: LED State now: 1[0m

Information has been sent
Boss received distance of: 669
Boss is reading
Ultrasonic sensor fired
Status of ISR function: 99
Information has been sent
Boss received distance of: 669
Boss is reading
Ultrasonic sensor fired
Status of ISR function: 100
Information has been sent
Boss received distance of: 669
Boss is reading
Ultrasonic sensor fired
Status of ISR function: 101
Information has been sent
Boss received distance of: 669
Boss is reading
Ultrasonic sensor fired
Status of ISR function: 102
Information has been sent
Boss received distance of: 669
Boss is reading
Ultrasonic sensor fired
Status of ISR function: 103
Information has been sent
Boss received distance of: 669
Boss is reading
Ultrasonic sensor fired
Status of ISR function: 104
Information has been sent
Boss received distance of: 669
Boss is reading
Ultrasonic sensor fired
Status of ISR function: 105
Information has been sent
Boss received distance of: 669
[0;32mI (13275) LED: LED State now: 0[0m

Boss is reading
Ultrasonic sensor fired
Status of ISR function: 106
Information has been sent
Boss received distance of: 667
Boss is reading
Ultrasonic sensor fired
Status of ISR function: 107
Information has been sent
Boss received distance of: 667
Boss is reading
Ultrasonic sensor fired
Status of ISR function: 108
Information has been sent
Boss received distance of: 668
Boss is reading
Ultrasonic sensor fired
Status of ISR function: 109
Information has been sent
Boss received distance of: 668
Boss is reading
Ultrasonic sensor fired
Status of ISR function: 110
Information has been sent
Boss received distance of: 668
Boss is reading
Ultrasonic sensor fired
Status of ISR function: 111
Information has been sent
Boss received distance of: 669
Boss is reading
Ultrasonic sensor fired
Status of ISR function: 112
Information has been sent
Boss received distance of: 669
Boss is reading
Ultrasonic sensor fired
Status of ISR function: 113
Information has been sent
Boss received distance of: 669
[0;32mI (14275) LED: LED State now: 1[0m

Boss is reading
Ultrasonic sensor fired
Status of ISR function: 114
Information has been sent
Boss received distance of: 669
Boss is reading
Ultrasonic sensor fired
Status of ISR function: 115
Information has been sent
Boss received distance of: 669
Boss is reading
Ultrasonic sensor fired
Status of ISR function: 116
Information has been sent
Boss received distance of: 668
Boss is reading
Ultrasonic sensor fired
Status of ISR function: 117
Information has been sent
Boss received distance of: 667
Boss is reading
Ultrasonic sensor fired
Status of ISR function: 118
Information has been sent
Boss received distance of: 667
Boss is reading
Ultrasonic sensor fired
Status of ISR function: 119
Information has been sent
Boss received distance of: 667
Boss is reading
Ultrasonic sensor fired
Status of ISR function: 120
Information has been sent
Boss received distance of: 667
Boss is reading
Ultrasonic sensor fired
Status of ISR function: 121
[0;32mI (15275) LED: LED State now: 0[0m

Information has been sent
Boss received distance of: 667
Boss is reading
Ultrasonic sensor fired
Status of ISR function: 122
Information has been sent
Boss received distance of: 666
Boss is reading
Ultrasonic sensor fired
Status of ISR function: 123
Information has been sent
Boss received distance of: 666
Boss is reading
Ultrasonic sensor fired
Status of ISR function: 124
Information has been sent
Boss received distance of: 666
Boss is reading
Ultrasonic sensor fired
Status of ISR function: 125
Information has been sent
Boss received distance of: 666
Boss is reading
Ultrasonic sensor fired
Status of ISR function: 126
Information has been sent
Boss received distance of: 666
Boss is reading
Ultrasonic sensor fired
Status of ISR function: 127
Information has been sent
Boss received distance of: 666
Boss is reading
Ultrasonic sensor fired
Status of ISR function: 128
Information has been sent
Boss received distance of: 666
[0;32mI (16275) LED: LED State now: 1[0m

Boss is reading
Ultrasonic sensor fired
Status of ISR function: 129
Information has been sent
Boss received distance of: 666
Boss is reading
Ultrasonic sensor fired
Status of ISR function: 130
Information has been sent
Boss received distance of: 666
Boss is reading
Ultrasonic sensor fired
Status of ISR function: 131
Information has been sent
Boss received distance of: 666
Boss is reading
Ultrasonic sensor fired
Status of ISR function: 132
Information has been sent
Boss received distance of: 666
Boss is reading
Ultrasonic sensor fired
Status of ISR function: 133
Information has been sent
Boss received distance of: 666
Boss is reading
Ultrasonic sensor fired
Status of ISR function: 134
Information has been sent
Boss received distance of: 666
Boss is reading
Ultrasonic sensor fired
Status of ISR function: 135
Information has been sent
Boss received distance of: 666
Boss is reading
Ultrasonic sensor fired
Status of ISR function: 136
Information has been sent
Boss received distance of: 666
[0;32mI (17275) LED: LED State now: 0[0m

Boss is reading
Ultrasonic sensor fired
Status of ISR function: 137
Information has been sent
Boss received distance of: 666
Boss is reading
Ultrasonic sensor fired
Status of ISR function: 138
Information has been sent
Boss received distance of: 667
Boss is reading
Ultrasonic sensor fired
Status of ISR function: 139
Information has been sent
Boss received distance of: 667
Boss is reading
Ultrasonic sensor fired
Status of ISR function: 140
Information has been sent
Boss received distance of: 668
Boss is reading
Ultrasonic sensor fired
Status of ISR function: 141
Information has been sent
Boss received distance of: 668
Boss is reading
Ultrasonic sensor fired
Status of ISR function: 142
Information has been sent
Boss received distance of: 668
